// 重构日志: 39e6ca1e
// 重构日志: 0adc2f76
// 同步 ID: 512df559 @ Tue Jul  7 11:06:23 UTC 2026
// 重构日志: 60956d98
// 同步 ID: 9a551c53 @ Thu Jul  9 10:39:51 UTC 2026
// 重构日志: 5e7c993b
// 重构日志: d031c7af
// 重构日志: 7538bdf3
// 同步 ID: 419bfa07 @ Wed Jul 15 08:17:47 UTC 2026
// 重构日志: bb8f66cd
// 同步 ID: f49ce9c1 @ Thu Jul 16 12:10:40 UTC 2026
// 重构日志: e377bc03
// 重构日志: bb00b76f
// 重构日志: 935d7fd1
// 同步 ID: 4afdb532 @ Wed Jul 22 08:18:03 UTC 2026
// 重构日志: 772f1b8e
// 重构日志: 0a86a927
// 同步 ID: 22af5d2e @ Mon Jul 27 11:21:05 UTC 2026
// 重构日志: 58d5a750
// 同步 ID: 78ebf667 @ Tue Jul 28 09:01:09 UTC 2026
// 重构日志: 8656f9a6
// 重构日志: a20736ef
// 同步 ID: 78c7a806 @ Wed Jul 29 08:17:00 UTC 2026
// 重构日志: 317217b4
// 重构日志: c296c9d9
// 重构日志: 093968bd
// 同步 ID: b2247488 @ Fri Jul 31 09:05:21 UTC 2026
// 重构日志: a31c9177
// 同步 ID: 7edccbc7 @ Sat Aug  1 14:30:31 UTC 2026
// 同步 ID: 61021c29 @ Sat Aug  1 17:36:47 UTC 2026
